lcd_head.c:16:13:draw_value	8	static
lcd_head.c:22:13:draw_value_inv	8	static
lcd_head.c:28:13:draw_graph	8	static
lcd_head.c:34:13:draw_graph_inv	8	static
lcd_head.c:40:13:draw_settings	8	static
lcd_head.c:46:13:draw_settings_inv	8	static
lcd_head.c:52:13:draw_debug	8	static
lcd_head.c:58:13:draw_debug_inv	8	static
lcd_head.c:65:13:draw_head_basic	8	static
lcd_head.c:73:9:lcd_head_draw_value	8	static
lcd_head.c:81:9:lcd_head_draw_graph	8	static
lcd_head.c:89:9:lcd_head_draw_settings	8	static
lcd_head.c:97:9:lcd_head_draw_debug	8	static
lcd_head.c:106:9:lcd_head_reset	8	static
