lcd_body_settings.c:28:13:settings_start_draw	8	static
lcd_body_settings.c:34:13:settings_start_draw_inv	8	static
lcd_body_settings.c:40:13:settings_pause_draw	8	static
lcd_body_settings.c:46:13:settings_pause_draw_inv	8	static
lcd_body_settings.c:52:13:settings_stop_draw	8	static
lcd_body_settings.c:58:13:settings_stop_draw_inv	8	static
lcd_body_settings.c:64:13:settings_period_draw	8	static
lcd_body_settings.c:70:13:settings_period_draw_inv	8	static
lcd_body_settings.c:76:13:settings_flip_draw	8	static
lcd_body_settings.c:82:13:settings_flip_draw_inv	8	static
lcd_body_settings.c:89:13:settings_draw_basic	8	static
lcd_body_settings.c:99:9:lcd_body_settings_start_trigger_ok	8	static
lcd_body_settings.c:106:16:settings_start_button_draw	8	static
lcd_body_settings.c:123:9:lcd_body_settings_start_draw	8	static
lcd_body_settings.c:133:9:lcd_body_settings_start_update	8	static
lcd_body_settings.c:139:9:lcd_body_settings_pause_trigger_ok	8	static
lcd_body_settings.c:146:16:settings_pause_button_draw	8	static
lcd_body_settings.c:163:9:lcd_body_settings_pause_draw	8	static
lcd_body_settings.c:171:9:lcd_body_settings_pause_update	8	static
lcd_body_settings.c:177:9:lcd_body_settings_stop_trigger_ok	8	static
lcd_body_settings.c:184:16:settings_stop_button_draw	8	static
lcd_body_settings.c:201:9:lcd_body_settings_stop_draw	8	static
lcd_body_settings.c:209:9:lcd_body_settings_stop_update	8	static
lcd_body_settings.c:214:16:settings_period_button	16	static
lcd_body_settings.c:231:16:settings_period_button_draw	8	static
lcd_body_settings.c:238:9:lcd_body_settings_period_trigger_left	8	static
lcd_body_settings.c:245:9:lcd_body_settings_period_trigger_right	8	static
lcd_body_settings.c:252:9:lcd_body_settings_period_trigger_ok	8	static
lcd_body_settings.c:259:9:lcd_body_settings_period_draw	8	static
lcd_body_settings.c:270:9:lcd_body_settings_period_trigger_draw	8	static
lcd_body_settings.c:280:9:lcd_body_settings_period_update	4	static
lcd_body_settings.c:288:9:lcd_body_settings_flip_trigger_ok	8	static
lcd_body_settings.c:302:16:lcd_body_settings_flip_button_draw	8	static
lcd_body_settings.c:318:9:lcd_body_settings_flip_draw	8	static
lcd_body_settings.c:329:9:lcd_body_settings_flip_update	8	static
