lcd_body_graph.c:99:16:lcd_axis_arrow	32	static
lcd_body_graph.c:118:13:lcd_x_axis_name	16	static
lcd_body_graph.c:123:13:lcd_y_axis_name	16	static
lcd_body_graph.c:128:13:lcd_x_axis_inc	16	static
lcd_body_graph.c:136:13:lcd_y_axis_inc	16	static
lcd_body_graph.c:144:13:lcd_body_x_axis	16	static
lcd_body_graph.c:157:13:lcd_body_y_axis	16	static
lcd_body_graph.c:170:13:lcd_body_graph_set_x_axis	32	static
lcd_body_graph.c:203:13:lcd_body_graph_set_y_axis	32	static
lcd_body_graph.c:227:13:lcd_body_graph_x_axis	16	static
lcd_body_graph.c:250:13:lcd_body_graph_y_axis	16	static
lcd_body_graph.c:257:13:lcd_body_graph_number	16	static
lcd_body_graph.c:262:13:lcd_body_graph_adc_order	16	static
lcd_body_graph.c:267:13:lcd_body_graph_menu	24	static
lcd_body_graph.c:281:16:lcd_body_graph_reset	8	static
lcd_body_graph.c:288:13:lcd_body_graph_diagram_draw	80	static
lcd_body_graph.c:350:9:lcd_body_graph_draw	8	static
lcd_body_graph.c:372:9:lcd_body_graph_update	16	static
lcd_body_graph.c:403:9:lcd_body_graph_trigger_up	4	static
lcd_body_graph.c:415:9:lcd_body_graph_trigger_down	4	static
lcd_body_graph.c:426:6:lcd_body_graph_stop	8	static
